../Core/Src/main.c:79:5:main	16	static
../Core/Src/main.c:155:6:SystemClock_Config	88	static
../Core/Src/main.c:202:13:MX_TIM1_Init	32	static
../Core/Src/main.c:248:13:MX_TIM3_Init	64	static
../Core/Src/main.c:307:13:MX_TIM4_Init	64	static
../Core/Src/main.c:366:13:MX_TIM8_Init	32	static
../Core/Src/main.c:412:13:MX_TIM14_Init	8	static
../Core/Src/main.c:441:13:MX_DMA_Init	16	static
../Core/Src/main.c:463:13:MX_GPIO_Init	56	static
../Core/Src/main.c:621:6:HAL_GPIO_EXTI_Callback	16	static
../Core/Src/main.c:632:6:Error_Handler	4	static,ignoring_inline_asm
