Archive member included to satisfy reference by file (symbol)

C:/ST/STM32CubeIDE_1.18.1/STM32CubeIDE/plugins/com.st.stm32cube.ide.mcu.externaltools.gnu-tools-for-stm32.13.3.rel1.win32_1.0.0.202411081344/tools/bin/../lib/gcc/arm-none-eabi/13.3.1/../../../../arm-none-eabi/lib/thumb/v7e-m+fp/hard\libc_nano.a(libc_a-exit.o)
                              C:/ST/STM32CubeIDE_1.18.1/STM32CubeIDE/plugins/com.st.stm32cube.ide.mcu.externaltools.gnu-tools-for-stm32.13.3.rel1.win32_1.0.0.202411081344/tools/bin/../lib/gcc/arm-none-eabi/13.3.1/../../../../arm-none-eabi/lib/thumb/v7e-m+fp/hard/crt0.o (exit)
C:/ST/STM32CubeIDE_1.18.1/STM32CubeIDE/plugins/com.st.stm32cube.ide.mcu.externaltools.gnu-tools-for-stm32.13.3.rel1.win32_1.0.0.202411081344/tools/bin/../lib/gcc/arm-none-eabi/13.3.1/../../../../arm-none-eabi/lib/thumb/v7e-m+fp/hard\libc_nano.a(libc_a-findfp.o)
                              C:/ST/STM32CubeIDE_1.18.1/STM32CubeIDE/plugins/com.st.stm32cube.ide.mcu.externaltools.gnu-tools-for-stm32.13.3.rel1.win32_1.0.0.202411081344/tools/bin/../lib/gcc/arm-none-eabi/13.3.1/../../../../arm-none-eabi/lib/thumb/v7e-m+fp/hard\libc_nano.a(libc_a-exit.o) (__stdio_exit_handler)
C:/ST/STM32CubeIDE_1.18.1/STM32CubeIDE/plugins/com.st.stm32cube.ide.mcu.externaltools.gnu-tools-for-stm32.13.3.rel1.win32_1.0.0.202411081344/tools/bin/../lib/gcc/arm-none-eabi/13.3.1/../../../../arm-none-eabi/lib/thumb/v7e-m+fp/hard\libc_nano.a(libc_a-fwalk.o)
                              C:/ST/STM32CubeIDE_1.18.1/STM32CubeIDE/plugins/com.st.stm32cube.ide.mcu.externaltools.gnu-tools-for-stm32.13.3.rel1.win32_1.0.0.202411081344/tools/bin/../lib/gcc/arm-none-eabi/13.3.1/../../../../arm-none-eabi/lib/thumb/v7e-m+fp/hard\libc_nano.a(libc_a-findfp.o) (_fwalk_sglue)
C:/ST/STM32CubeIDE_1.18.1/STM32CubeIDE/plugins/com.st.stm32cube.ide.mcu.externaltools.gnu-tools-for-stm32.13.3.rel1.win32_1.0.0.202411081344/tools/bin/../lib/gcc/arm-none-eabi/13.3.1/../../../../arm-none-eabi/lib/thumb/v7e-m+fp/hard\libc_nano.a(libc_a-stdio.o)
                              C:/ST/STM32CubeIDE_1.18.1/STM32CubeIDE/plugins/com.st.stm32cube.ide.mcu.externaltools.gnu-tools-for-stm32.13.3.rel1.win32_1.0.0.202411081344/tools/bin/../lib/gcc/arm-none-eabi/13.3.1/../../../../arm-none-eabi/lib/thumb/v7e-m+fp/hard\libc_nano.a(libc_a-findfp.o) (__sread)
C:/ST/STM32CubeIDE_1.18.1/STM32CubeIDE/plugins/com.st.stm32cube.ide.mcu.externaltools.gnu-tools-for-stm32.13.3.rel1.win32_1.0.0.202411081344/tools/bin/../lib/gcc/arm-none-eabi/13.3.1/../../../../arm-none-eabi/lib/thumb/v7e-m+fp/hard\libc_nano.a(libc_a-memset.o)
                              C:/ST/STM32CubeIDE_1.18.1/STM32CubeIDE/plugins/com.st.stm32cube.ide.mcu.externaltools.gnu-tools-for-stm32.13.3.rel1.win32_1.0.0.202411081344/tools/bin/../lib/gcc/arm-none-eabi/13.3.1/../../../../arm-none-eabi/lib/thumb/v7e-m+fp/hard/crt0.o (memset)
C:/ST/STM32CubeIDE_1.18.1/STM32CubeIDE/plugins/com.st.stm32cube.ide.mcu.externaltools.gnu-tools-for-stm32.13.3.rel1.win32_1.0.0.202411081344/tools/bin/../lib/gcc/arm-none-eabi/13.3.1/../../../../arm-none-eabi/lib/thumb/v7e-m+fp/hard\libc_nano.a(libc_a-closer.o)
                              C:/ST/STM32CubeIDE_1.18.1/STM32CubeIDE/plugins/com.st.stm32cube.ide.mcu.externaltools.gnu-tools-for-stm32.13.3.rel1.win32_1.0.0.202411081344/tools/bin/../lib/gcc/arm-none-eabi/13.3.1/../../../../arm-none-eabi/lib/thumb/v7e-m+fp/hard\libc_nano.a(libc_a-stdio.o) (_close_r)
C:/ST/STM32CubeIDE_1.18.1/STM32CubeIDE/plugins/com.st.stm32cube.ide.mcu.externaltools.gnu-tools-for-stm32.13.3.rel1.win32_1.0.0.202411081344/tools/bin/../lib/gcc/arm-none-eabi/13.3.1/../../../../arm-none-eabi/lib/thumb/v7e-m+fp/hard\libc_nano.a(libc_a-reent.o)
                              C:/ST/STM32CubeIDE_1.18.1/STM32CubeIDE/plugins/com.st.stm32cube.ide.mcu.externaltools.gnu-tools-for-stm32.13.3.rel1.win32_1.0.0.202411081344/tools/bin/../lib/gcc/arm-none-eabi/13.3.1/../../../../arm-none-eabi/lib/thumb/v7e-m+fp/hard\libc_nano.a(libc_a-closer.o) (errno)
C:/ST/STM32CubeIDE_1.18.1/STM32CubeIDE/plugins/com.st.stm32cube.ide.mcu.externaltools.gnu-tools-for-stm32.13.3.rel1.win32_1.0.0.202411081344/tools/bin/../lib/gcc/arm-none-eabi/13.3.1/../../../../arm-none-eabi/lib/thumb/v7e-m+fp/hard\libc_nano.a(libc_a-impure.o)
                              C:/ST/STM32CubeIDE_1.18.1/STM32CubeIDE/plugins/com.st.stm32cube.ide.mcu.externaltools.gnu-tools-for-stm32.13.3.rel1.win32_1.0.0.202411081344/tools/bin/../lib/gcc/arm-none-eabi/13.3.1/../../../../arm-none-eabi/lib/thumb/v7e-m+fp/hard\libc_nano.a(libc_a-reent.o) (_impure_ptr)
C:/ST/STM32CubeIDE_1.18.1/STM32CubeIDE/plugins/com.st.stm32cube.ide.mcu.externaltools.gnu-tools-for-stm32.13.3.rel1.win32_1.0.0.202411081344/tools/bin/../lib/gcc/arm-none-eabi/13.3.1/../../../../arm-none-eabi/lib/thumb/v7e-m+fp/hard\libc_nano.a(libc_a-lseekr.o)
[...]
Memory Configuration

Name             Origin             Length             Attributes
CCMRAM           0x10000000         0x00010000         xrw
RAM              0x20000000         0x00020000         xrw
FLASH            0x08000000         0x00100000         xr
*default*        0x00000000         0xffffffff

Linker script and memory map

LOAD C:/ST/STM32CubeIDE_1.18.1/STM32CubeIDE/plugins/com.st.stm32cube.ide.mcu.externaltools.gnu-tools-for-stm32.13.3.rel1.win32_1.0.0.202411081344/tools/bin/../lib/gcc/arm-none-eabi/13.3.1/thumb/v7e-m+fp/hard/crti.o
LOAD C:/ST/STM32CubeIDE_1.18.1/STM32CubeIDE/plugins/com.st.stm32cube.ide.mcu.externaltools.gnu-tools-for-stm32.13.3.rel1.win32_1.0.0.202411081344/tools/bin/../lib/gcc/arm-none-eabi/13.3.1/thumb/v7e-m+fp/hard/crtbegin.o
LOAD C:/ST/STM32CubeIDE_1.18.1/STM32CubeIDE/plugins/com.st.stm32cube.ide.mcu.externaltools.gnu-tools-for-stm32.13.3.rel1.win32_1.0.0.202411081344/tools/bin/../lib/gcc/arm-none-eabi/13.3.1/../../../../arm-none-eabi/lib/thumb/v7e-m+fp/hard/crt0.o
LOAD ./Core/Src/Buzzer.o
LOAD ./Core/Src/Conecta3.o
LOAD ./Core/Src/Leds.o
LOAD ./Core/Src/Teclado.o
LOAD ./Core/Src/main.o
LOAD ./Core/Src/stm32f4xx_hal_msp.o
LOAD ./Core/Src/stm32f4xx_it.o
LOAD ./Core/Src/syscalls.o
LOAD ./Core/Src/sysmem.o
LOAD ./Core/Src/system_stm32f4xx.o
LOAD ./Core/Startup/startup_stm32f407vgtx.o
LOAD ./Drivers/STM32F4xx_HAL_Driver/Src/stm32f4xx_hal.o
LOAD ./Drivers/STM32F4xx_HAL_Driver/Src/stm32f4xx_hal_cortex.o
LOAD ./Drivers/STM32F4xx_HAL_Driver/Src/stm32f4xx_hal_dma.o
LOAD ./Drivers/STM32F4xx_HAL_Driver/Src/stm32f4xx_hal_dma_ex.o
LOAD ./Drivers/STM32F4xx_HAL_Driver/Src/stm32f4xx_hal_exti.o
LOAD ./Drivers/STM32F4xx_HAL_Driver/Src/stm32f4xx_hal_flash.o
LOAD ./Drivers/STM32F4xx_HAL_Driver/Src/stm32f4xx_hal_flash_ex.o
LOAD ./Drivers/STM32F4xx_HAL_Driver/Src/stm32f4xx_hal_flash_ramfunc.o
LOAD ./Drivers/STM32F4xx_HAL_Driver/Src/stm32f4xx_hal_gpio.o
LOAD ./Drivers/STM32F4xx_HAL_Driver/Src/stm32f4xx_hal_pwr.o
LOAD ./Drivers/STM32F4xx_HAL_Driver/Src/stm32f4xx_hal_pwr_ex.o
LOAD ./Drivers/STM32F4xx_HAL_Driver/Src/stm32f4xx_hal_rcc.o
LOAD ./Drivers/STM32F4xx_HAL_Driver/Src/stm32f4xx_hal_rcc_ex.o
LOAD ./Drivers/STM32F4xx_HAL_Driver/Src/stm32f4xx_hal_tim.o
LOAD ./Drivers/STM32F4xx_HAL_Driver/Src/stm32f4xx_hal_tim_ex.o
START GROUP
LOAD C:/ST/STM32CubeIDE_1.18.1/STM32CubeIDE/plugins/com.st.stm32cube.ide.mcu.externaltools.gnu-tools-for-stm32.13.3.rel1.win32_1.0.0.202411081344/tools/bin/../lib/gcc/arm-none-eabi/13.3.1/../../../../arm-none-eabi/lib/thumb/v7e-m+fp/hard\libc_nano.a
LOAD C:/ST/STM32CubeIDE_1.18.1/STM32CubeIDE/plugins/com.st.stm32cube.ide.mcu.externaltools.gnu-tools-for-stm32.13.3.rel1.win32_1.0.0.202411081344/tools/bin/../lib/gcc/arm-none-eabi/13.3.1/../../../../arm-none-eabi/lib/thumb/v7e-m+fp/hard\libm.a
END GROUP
START GROUP
LOAD C:/ST/STM32CubeIDE_1.18.1/STM32CubeIDE/plugins/com.st.stm32cube.ide.mcu.externaltools.gnu-tools-for-stm32.13.3.rel1.win32_1.0.0.202411081344/tools/bin/../lib/gcc/arm-none-eabi/13.3.1/thumb/v7e-m+fp/hard\libgcc.a
LOAD C:/ST/STM32CubeIDE_1.18.1/STM32CubeIDE/plugins/com.st.stm32cube.ide.mcu.externaltools.gnu-tools-for-stm32.13.3.rel1.win32_1.0.0.202411081344/tools/bin/../lib/gcc/arm-none-eabi/13.3.1/../../../../arm-none-eabi/lib/thumb/v7e-m+fp/hard\libc_nano.a
END GROUP
START GROUP
LOAD C:/ST/STM32CubeIDE_1.18.1/STM32CubeIDE/plugins/com.st.stm32cube.ide.mcu.externaltools.gnu-tools-for-stm32.13.3.rel1.win32_1.0.0.202411081344/tools/bin/../lib/gcc/arm-none-eabi/13.3.1/thumb/v7e-m+fp/hard\libgcc.a
LOAD C:/ST/STM32CubeIDE_1.18.1/STM32CubeIDE/plugins/com.st.stm32cube.ide.mcu.externaltools.gnu-tools-for-stm32.13.3.rel1.win32_1.0.0.202411081344/tools/bin/../lib/gcc/arm-none-eabi/13.3.1/../../../../arm-none-eabi/lib/thumb/v7e-m+fp/hard\libc_nano.a
LOAD C:/ST/STM32CubeIDE_1.18.1/STM32CubeIDE/plugins/com.st.stm32cube.ide.mcu.externaltools.gnu-tools-for-stm32.13.3.rel1.win32_1.0.0.202411081344/tools/bin/../lib/gcc/arm-none-eabi/13.3.1/../../../../arm-none-eabi/lib/thumb/v7e-m+fp/hard\libnosys.a
END GROUP
START GROUP
LOAD C:/ST/STM32CubeIDE_1.18.1/STM32CubeIDE/plugins/com.st.stm32cube.ide.mcu.externaltools.gnu-tools-for-stm32.13.3.rel1.win32_1.0.0.202411081344/tools/bin/../lib/gcc/arm-none-eabi/13.3.1/thumb/v7e-m+fp/hard\libgcc.a
LOAD C:/ST/STM32CubeIDE_1.18.1/STM32CubeIDE/plugins/com.st.stm32cube.ide.mcu.externaltools.gnu-tools-for-stm32.13.3.rel1.win32_1.0.0.202411081344/tools/bin/../lib/gcc/arm-none-eabi/13.3.1/../../../../arm-none-eabi/lib/thumb/v7e-m+fp/hard\libc_nano.a
LOAD C:/ST/STM32CubeIDE_1.18.1/STM32CubeIDE/plugins/com.st.stm32cube.ide.mcu.externaltools.gnu-tools-for-stm32.13.3.rel1.win32_1.0.0.202411081344/tools/bin/../lib/gcc/arm-none-eabi/13.3.1/../../../../arm-none-eabi/lib/thumb/v7e-m+fp/hard\libnosys.a
END GROUP
LOAD C:/ST/STM32CubeIDE_1.18.1/STM32CubeIDE/plugins/com.st.stm32cube.ide.mcu.externaltools.gnu-tools-for-stm32.13.3.rel1.win32_1.0.0.202411081344/tools/bin/../lib/gcc/arm-none-eabi/13.3.1/thumb/v7e-m+fp/hard/crtend.o
LOAD C:/ST/STM32CubeIDE_1.18.1/STM32CubeIDE/plugins/com.st.stm32cube.ide.mcu.externaltools.gnu-tools-for-stm32.13.3.rel1.win32_1.0.0.202411081344/tools/bin/../lib/gcc/arm-none-eabi/13.3.1/thumb/v7e-m+fp/hard/crtn.o
                0x20020000                        _estack = (ORIGIN (RAM) + LENGTH (RAM))
                0x00000200                        _Min_Heap_Size = 0x200
                0x00000400                        _Min_Stack_Size = 0x400

.isr_vector     0x08000000      0x188
                0x08000000                        . = ALIGN (0x4)
 *(.isr_vector)
 .isr_vector    0x08000000      0x188 ./Core/Startup/startup_stm32f407vgtx.o
                0x08000000                g_pfnVectors
                0x08000188                        . = ALIGN (0x4)

.text           0x08000188     0x51a0
                0x08000188                        . = ALIGN (0x4)
 *(.text)
 .text          0x08000188       0x40 C:/ST/STM32CubeIDE_1.18.1/STM32CubeIDE/plugins/com.st.stm32cube.ide.mcu.externaltools.gnu-tools-for-stm32.13.3.rel1.win32_1.0.0.202411081344/tools/bin/../lib/gcc/arm-none-eabi/13.3.1/thumb/v7e-m+fp/hard/crtbegin.o
 .text          0x080001c8       0x30 C:/ST/STM32CubeIDE_1.18.1/STM32CubeIDE/plugins/com.st.stm32cube.ide.mcu.externaltools.gnu-tools-for-stm32.13.3.rel1.win32_1.0.0.202411081344/tools/bin/../lib/gcc/arm-none-eabi/13.3.1/thumb/v7e-m+fp/hard\libgcc.a(_aeabi_uldivmod.o)
                0x080001c8                __aeabi_uldivmod
 .text          0x080001f8      0x2f8 C:/ST/STM32CubeIDE_1.18.1/STM32CubeIDE/plugins/com.st.stm32cube.ide.mcu.externaltools.gnu-tools-for-stm32.13.3.rel1.win32_1.0.0.202411081344/tools/bin/../lib/gcc/arm-none-eabi/13.3.1/thumb/v7e-m+fp/hard\libgcc.a(_udivmoddi4.o)
                0x080001f8                __udivmoddi4
 .text          0x080004f0        0x4 C:/ST/STM32CubeIDE_1.18.1/STM32CubeIDE/plugins/com.st.stm32cube.ide.mcu.externaltools.gnu-tools-for-stm32.13.3.rel1.win32_1.0.0.202411081344/tools/bin/../lib/gcc/arm-none-eabi/13.3.1/thumb/v7e-m+fp/hard\libgcc.a(_dvmd_tls.o)
                0x080004f0                __aeabi_idiv0
                0x080004f0                __aeabi_ldiv0
 *(.text*)
 .text.SONIDO_TECLA
                0x080004f4       0x9c ./Core/Src/Buzzer.o
                0x080004f4                SONIDO_TECLA
 .text.MELODIA_DERROTA
                0x08000590      0x238 ./Core/Src/Buzzer.o
                0x08000590                MELODIA_DERROTA
 .text.MELODIA_VICTORIA
                0x080007c8      0x1b0 ./Core/Src/Buzzer.o
                0x080007c8                MELODIA_VICTORIA
 .text.HAL_TIM_PeriodElapsedCallback
                0x08000978       0x68 ./Core/Src/Buzzer.o
                0x08000978                HAL_TIM_PeriodElapsedCallback
 .text.Juego_ProcesarEntrada
                0x080009e0       0xd4 ./Core/Src/Conecta3.o
                0x080009e0                Juego_ProcesarEntrada
 .text.Juego_Init
                0x08000ab4       0x88 ./Core/Src/Conecta3.o
                0x08000ab4                Juego_Init
 .text.Juego_Actualizar
                0x08000b3c      0x30c ./Core/Src/Conecta3.o
                0x08000b3c                Juego_Actualizar
 .text.IniciarAnimacionCaida
                0x08000e48       0xa0 ./Core/Src/Conecta3.o
 .text.EjecutarJugadaMaquina
                0x08000ee8       0x58 ./Core/Src/Conecta3.o
 .text.RenderizarTablero
                0x08000f40       0xec ./Core/Src/Conecta3.o
 .text.VerificarGanador
                0x0800102c      0x1c8 ./Core/Src/Conecta3.o
 .text.MapearCoordenada
                0x080011f4       0x30 ./Core/Src/Leds.o
 .text.Matriz_SetLed
                0x08001224       0x80 ./Core/Src/Leds.o
                0x08001224                Matriz_SetLed
 .text.Matriz_Update
                0x080012a4       0xf8 ./Core/Src/Leds.o
                0x080012a4                Matriz_Update
 .text.HAL_TIM_PWM_PulseFinishedCallback
                0x0800139c       0x44 ./Core/Src/Leds.o
                0x0800139c                HAL_TIM_PWM_PulseFinishedCallback
 .text.Teclado_Init
                0x080013e0       0x4c ./Core/Src/Teclado.o
                0x080013e0                Teclado_Init
 .text.Teclado_EXTI_Callback
                0x0800142c       0x54 ./Core/Src/Teclado.o
                0x0800142c                Teclado_EXTI_Callback
 .text.Teclado_Update
                0x08001480      0x200 ./Core/Src/Teclado.o
                0x08001480                Teclado_Update
 .text.Teclado_GetUltimaTecla
                0x08001680       0x24 ./Core/Src/Teclado.o
                0x08001680                Teclado_GetUltimaTecla
 .text.main     0x080016a4       0x52 ./Core/Src/main.o
                0x080016a4                main
 *fill*         0x080016f6        0x2 
 .text.SystemClock_Config
                0x080016f8       0xd4 ./Core/Src/main.o
                0x080016f8                SystemClock_Config
 .text.MX_TIM1_Init
                0x080017cc       0xa0 ./Core/Src/main.o
 .text.MX_TIM3_Init
                0x0800186c       0xec ./Core/Src/main.o
 .text.MX_TIM4_Init
                0x08001958       0xec ./Core/Src/main.o
 .text.MX_TIM8_Init
                0x08001a44       0xa0 ./Core/Src/main.o
 .text.MX_TIM14_Init
                0x08001ae4       0x48 ./Core/Src/main.o
 .text.MX_DMA_Init
                0x08001b2c       0x6c ./Core/Src/main.o
 .text.MX_GPIO_Init
                0x08001b98      0x314 ./Core/Src/main.o
 .text.HAL_GPIO_EXTI_Callback
                0x08001eac       0x1a ./Core/Src/main.o
                0x08001eac                HAL_GPIO_EXTI_Callback
 .text.Error_Handler
                0x08001ec6        0xc ./Core/Src/main.o
                0x08001ec6                Error_Handler
 *fill*         0x08001ed2        0x2 
 .text.HAL_MspInit
                0x08001ed4       0x50 ./Core/Src/stm32f4xx_hal_msp.o
                0x08001ed4                HAL_MspInit
 .text.HAL_TIM_Base_MspInit
                0x08001f24      0x248 ./Core/Src/stm32f4xx_hal_msp.o
                0x08001f24                HAL_TIM_Base_MspInit
 .text.HAL_TIM_MspPostInit
                0x0800216c       0xc4 ./Core/Src/stm32f4xx_hal_msp.o
                0x0800216c                HAL_TIM_MspPostInit
 .text.NMI_Handler
                0x08002230        0x8 ./Core/Src/stm32f4xx_it.o
                0x08002230                NMI_Handler
 .text.HardFault_Handler
                0x08002238        0x8 ./Core/Src/stm32f4xx_it.o
                0x08002238                HardFault_Handler
 .text.MemManage_Handler
                0x08002240        0x8 ./Core/Src/stm32f4xx_it.o
                0x08002240                MemManage_Handler
 .text.BusFault_Handler
                0x08002248        0x8 ./Core/Src/stm32f4xx_it.o
                0x08002248                BusFault_Handler
 .text.UsageFault_Handler
                0x08002250        0x8 ./Core/Src/stm32f4xx_it.o
                0x08002250                UsageFault_Handler
 .text.SVC_Handler
                0x08002258        0xe ./Core/Src/stm32f4xx_it.o
                0x08002258                SVC_Handler
 .text.DebugMon_Handler
                0x08002266        0xe ./Core/Src/stm32f4xx_it.o
                0x08002266                DebugMon_Handler
 .text.PendSV_Handler
                0x08002274        0xe ./Core/Src/stm32f4xx_it.o
                0x08002274                PendSV_Handler
 .text.SysTick_Handler
                0x08002282        0xc ./Core/Src/stm32f4xx_it.o
                0x08002282                SysTick_Handler
 .text.EXTI0_IRQHandler
                0x0800228e        0xe ./Core/Src/stm32f4xx_it.o
                0x0800228e                EXTI0_IRQHandler
 .text.DMA1_Stream0_IRQHandler
                0x0800229c       0x14 ./Core/Src/stm32f4xx_it.o
                0x0800229c                DMA1_Stream0_IRQHandler
 .text.EXTI15_10_IRQHandler
                0x080022b0       0x28 ./Core/Src/stm32f4xx_it.o
                0x080022b0                EXTI15_10_IRQHandler
 .text.TIM8_TRG_COM_TIM14_IRQHandler
                0x080022d8       0x1c ./Core/Src/stm32f4xx_it.o
                0x080022d8                TIM8_TRG_COM_TIM14_IRQHandler
 .text.DMA2_Stream7_IRQHandler
                0x080022f4       0x14 ./Core/Src/stm32f4xx_it.o
                0x080022f4                DMA2_Stream7_IRQHandler
 .text.SystemInit
                0x08002308       0x24 ./Core/Src/system_stm32f4xx.o
                0x08002308                SystemInit
 .text.Reset_Handler
                0x0800232c       0x50 ./Core/Startup/startup_stm32f407vgtx.o
                0x0800232c                Reset_Handler
 .text.Default_Handler
                0x0800237c        0x2 ./Core/Startup/startup_stm32f407vgtx.o
                0x0800237c                RTC_Alarm_IRQHandler
                0x0800237c                HASH_RNG_IRQHandler
                0x0800237c                EXTI2_IRQHandler
                0x0800237c                TIM8_CC_IRQHandler
                0x0800237c                TIM1_CC_IRQHandler
                0x0800237c                DMA2_Stream5_IRQHandler
                0x0800237c                DMA1_Stream5_IRQHandler
                0x0800237c                PVD_IRQHandler
                0x0800237c                SDIO_IRQHandler
                0x0800237c                TAMP_STAMP_IRQHandler
                0x0800237c                CAN2_RX1_IRQHandler
                0x0800237c                EXTI3_IRQHandler
                0x0800237c                TIM1_UP_TIM10_IRQHandler
                0x0800237c                TIM8_UP_TIM13_IRQHandler
                0x0800237c                I2C3_ER_IRQHandler
                0x0800237c                I2C2_EV_IRQHandler
                0x0800237c                DMA1_Stream2_IRQHandler
                0x0800237c                CAN1_RX0_IRQHandler
                0x0800237c                FPU_IRQHandler
                0x0800237c                OTG_HS_WKUP_IRQHandler
                0x0800237c                CAN2_SCE_IRQHandler
                0x0800237c                DMA2_Stream2_IRQHandler
                0x0800237c                SPI1_IRQHandler
                0x0800237c                TIM6_DAC_IRQHandler
                0x0800237c                TIM1_BRK_TIM9_IRQHandler
                0x0800237c                DCMI_IRQHandler
                0x0800237c                CAN2_RX0_IRQHandler
                0x0800237c                DMA2_Stream3_IRQHandler
                0x0800237c                USART6_IRQHandler
                0x0800237c                USART3_IRQHandler
                0x0800237c                CAN1_RX1_IRQHandler
                0x0800237c                UART5_IRQHandler
                0x0800237c                DMA2_Stream0_IRQHandler
                0x0800237c                TIM4_IRQHandler
                0x0800237c                I2C1_EV_IRQHandler
                0x0800237c                DMA1_Stream6_IRQHandler
                0x0800237c                DMA1_Stream1_IRQHandler
                0x0800237c                UART4_IRQHandler
                0x0800237c                TIM3_IRQHandler
                0x0800237c                RCC_IRQHandler
                0x0800237c                TIM8_BRK_TIM12_IRQHandler
                0x0800237c                Default_Handler
                0x0800237c                ADC_IRQHandler
                0x0800237c                DMA1_Stream7_IRQHandler
                0x0800237c                TIM7_IRQHandler
                0x0800237c                CAN2_TX_IRQHandler
                0x0800237c                TIM5_IRQHandler
                0x0800237c                I2C3_EV_IRQHandler
                0x0800237c                EXTI9_5_IRQHandler
                0x0800237c                RTC_WKUP_IRQHandler
                0x0800237c                ETH_WKUP_IRQHandler
                0x0800237c                SPI2_IRQHandler
                0x0800237c                OTG_HS_EP1_IN_IRQHandler
                0x0800237c                CAN1_TX_IRQHandler
                0x0800237c                EXTI4_IRQHandler
                0x0800237c                FSMC_IRQHandler
                0x0800237c                ETH_IRQHandler
                0x0800237c                OTG_HS_EP1_OUT_IRQHandler
                0x0800237c                WWDG_IRQHandler
                0x0800237c                TIM2_IRQHandler
                0x0800237c                OTG_FS_WKUP_IRQHandler
                0x0800237c                TIM1_TRG_COM_TIM11_IRQHandler
                0x0800237c                OTG_HS_IRQHandler
                0x0800237c                EXTI1_IRQHandler
                0x0800237c                USART2_IRQHandler
                0x0800237c                I2C2_ER_IRQHandler
                0x0800237c                DMA2_Stream1_IRQHandler
                0x0800237c                CAN1_SCE_IRQHandler
                0x0800237c                FLASH_IRQHandler
                0x0800237c                DMA2_Stream4_IRQHandler
                0x0800237c                USART1_IRQHandler
                0x0800237c                OTG_FS_IRQHandler
                0x0800237c                SPI3_IRQHandler
                0x0800237c                DMA1_Stream4_IRQHandler
                0x0800237c                I2C1_ER_IRQHandler
                0x0800237c                DMA2_Stream6_IRQHandler
                0x0800237c                DMA1_Stream3_IRQHandler
 *fill*         0x0800237e        0x2 
 .text.HAL_Init
                0x08002380       0x44 ./Drivers/STM32F4xx_HAL_Driver/Src/stm32f4xx_hal.o
                0x08002380                HAL_Init
 .text.HAL_InitTick
                0x080023c4       0x60 ./Drivers/STM32F4xx_HAL_Driver/Src/stm32f4xx_hal.o
                0x080023c4                HAL_InitTick
 .text.HAL_IncTick
                0x08002424       0x28 ./Drivers/STM32F4xx_HAL_Driver/Src/stm32f4xx_hal.o
                0x08002424                HAL_IncTick
 .text.HAL_GetTick
                0x0800244c       0x18 ./Drivers/STM32F4xx_HAL_Driver/Src/stm32f4xx_hal.o
                0x0800244c                HAL_GetTick
 .text.__NVIC_SetPriorityGrouping
                0x08002464       0x48 ./Drivers/STM32F4xx_HAL_Driver/Src/stm32f4xx_hal_cortex.o
 .text.__NVIC_GetPriorityGrouping
                0x080024ac       0x1c ./Drivers/STM32F4xx_HAL_Driver/Src/stm32f4xx_hal_cortex.o
 .text.__NVIC_EnableIRQ
                0x080024c8       0x3c ./Drivers/STM32F4xx_HAL_Driver/Src/stm32f4xx_hal_cortex.o
 .text.__NVIC_SetPriority
                0x08002504       0x54 ./Drivers/STM32F4xx_HAL_Driver/Src/stm32f4xx_hal_cortex.o
 .text.NVIC_EncodePriority
                0x08002558       0x66 ./Drivers/STM32F4xx_HAL_Driver/Src/stm32f4xx_hal_cortex.o
 *fill*         0x080025be        0x2 
 .text.SysTick_Config
                0x080025c0       0x44 ./Drivers/STM32F4xx_HAL_Driver/Src/stm32f4xx_hal_cortex.o
 .text.HAL_NVIC_SetPriorityGrouping
                0x08002604       0x16 ./Drivers/STM32F4xx_HAL_Driver/Src/stm32f4xx_hal_cortex.o
                0x08002604                HAL_NVIC_SetPriorityGrouping
 .text.HAL_NVIC_SetPriority
                0x0800261a       0x38 ./Drivers/STM32F4xx_HAL_Driver/Src/stm32f4xx_hal_cortex.o
                0x0800261a                HAL_NVIC_SetPriority
 .text.HAL_NVIC_EnableIRQ
                0x08002652       0x1c ./Drivers/STM32F4xx_HAL_Driver/Src/stm32f4xx_hal_cortex.o
                0x08002652                HAL_NVIC_EnableIRQ
 .text.HAL_SYSTICK_Config
                0x0800266e       0x18 ./Drivers/STM32F4xx_HAL_Driver/Src/stm32f4xx_hal_cortex.o
                0x0800266e                HAL_SYSTICK_Config
 *fill*         0x08002686        0x2 
 .text.HAL_DMA_Init
                0x08002688      0x15c ./Drivers/STM32F4xx_HAL_Driver/Src/stm32f4xx_hal_dma.o
                0x08002688                HAL_DMA_Init
 .text.HAL_DMA_Start_IT
                0x080027e4       0xb0 ./Drivers/STM32F4xx_HAL_Driver/Src/stm32f4xx_hal_dma.o
                0x080027e4                HAL_DMA_Start_IT
 .text.HAL_DMA_Abort_IT
                0x08002894       0x44 ./Drivers/STM32F4xx_HAL_Driver/Src/stm32f4xx_hal_dma.o
                0x08002894                HAL_DMA_Abort_IT
 .text.HAL_DMA_IRQHandler
                0x080028d8      0x314 ./Drivers/STM32F4xx_HAL_Driver/Src/stm32f4xx_hal_dma.o
                0x080028d8                HAL_DMA_IRQHandler
 .text.DMA_SetConfig
                0x08002bec       0x5c ./Drivers/STM32F4xx_HAL_Driver/Src/stm32f4xx_hal_dma.o
 .text.DMA_CalcBaseAndBitshift
                0x08002c48       0x6c ./Drivers/STM32F4xx_HAL_Driver/Src/stm32f4xx_hal_dma.o
 .text.DMA_CheckFifoParam
                0x08002cb4       0xf8 ./Drivers/STM32F4xx_HAL_Driver/Src/stm32f4xx_hal_dma.o
 .text.HAL_GPIO_Init
                0x08002dac      0x338 ./Drivers/STM32F4xx_HAL_Driver/Src/stm32f4xx_hal_gpio.o
                0x08002dac                HAL_GPIO_Init
 .text.HAL_GPIO_ReadPin
                0x080030e4       0x30 ./Drivers/STM32F4xx_HAL_Driver/Src/stm32f4xx_hal_gpio.o
                0x080030e4                HAL_GPIO_ReadPin
 .text.HAL_GPIO_WritePin
                0x08003114       0x32 ./Drivers/STM32F4xx_HAL_Driver/Src/stm32f4xx_hal_gpio.o
                0x08003114                HAL_GPIO_WritePin
 *fill*         0x08003146        0x2 
 .text.HAL_GPIO_EXTI_IRQHandler
                0x08003148       0x30 ./Drivers/STM32F4xx_HAL_Driver/Src/stm32f4xx_hal_gpio.o
                0x08003148                HAL_GPIO_EXTI_IRQHandler
 .text.HAL_RCC_OscConfig
                0x08003178      0x4f0 ./Drivers/STM32F4xx_HAL_Driver/Src/stm32f4xx_hal_rcc.o
                0x08003178                HAL_RCC_OscConfig
 .text.HAL_RCC_ClockConfig
                0x08003668      0x1cc ./Drivers/STM32F4xx_HAL_Driver/Src/stm32f4xx_hal_rcc.o
                0x08003668                HAL_RCC_ClockConfig
 .text.HAL_RCC_GetSysClockFreq
                0x08003834      0x20c ./Drivers/STM32F4xx_HAL_Driver/Src/stm32f4xx_hal_rcc.o
                0x08003834                HAL_RCC_GetSysClockFreq
 .text.HAL_TIM_Base_Init
                0x08003a40       0x9e ./Drivers/STM32F4xx_HAL_Driver/Src/stm32f4xx_hal_tim.o
                0x08003a40                HAL_TIM_Base_Init
 *fill*         0x08003ade        0x2 
 .text.HAL_TIM_Base_Start_IT
                0x08003ae0       0xe0 ./Drivers/STM32F4xx_HAL_Driver/Src/stm32f4xx_hal_tim.o
                0x08003ae0                HAL_TIM_Base_Start_IT
 .text.HAL_TIM_Base_Stop_IT
                0x08003bc0       0x5e ./Drivers/STM32F4xx_HAL_Driver/Src/stm32f4xx_hal_tim.o
                0x08003bc0                HAL_TIM_Base_Stop_IT
 .text.HAL_TIM_PWM_Init
                0x08003c1e       0x9e ./Drivers/STM32F4xx_HAL_Driver/Src/stm32f4xx_hal_tim.o
                0x08003c1e                HAL_TIM_PWM_Init
 .text.HAL_TIM_PWM_MspInit
                0x08003cbc       0x14 ./Drivers/STM32F4xx_HAL_Driver/Src/stm32f4xx_hal_tim.o
                0x08003cbc                HAL_TIM_PWM_MspInit
 .text.HAL_TIM_PWM_Start
                0x08003cd0      0x190 ./Drivers/STM32F4xx_HAL_Driver/Src/stm32f4xx_hal_tim.o
                0x08003cd0                HAL_TIM_PWM_Start
 .text.HAL_TIM_PWM_Stop
                0x08003e60       0xe0 ./Drivers/STM32F4xx_HAL_Driver/Src/stm32f4xx_hal_tim.o
                0x08003e60                HAL_TIM_PWM_Stop
 .text.HAL_TIM_PWM_Start_DMA
                0x08003f40      0x390 ./Drivers/STM32F4xx_HAL_Driver/Src/stm32f4xx_hal_tim.o
                0x08003f40                HAL_TIM_PWM_Start_DMA
 .text.HAL_TIM_PWM_Stop_DMA
                0x080042d0      0x1a4 ./Drivers/STM32F4xx_HAL_Driver/Src/stm32f4xx_hal_tim.o
                0x080042d0                HAL_TIM_PWM_Stop_DMA
 .text.HAL_TIM_IRQHandler
                0x08004474      0x1e0 ./Drivers/STM32F4xx_HAL_Driver/Src/stm32f4xx_hal_tim.o
                0x08004474                HAL_TIM_IRQHandler
 .text.HAL_TIM_PWM_ConfigChannel
                0x08004654      0x184 ./Drivers/STM32F4xx_HAL_Driver/Src/stm32f4xx_hal_tim.o
                0x08004654                HAL_TIM_PWM_ConfigChannel
 .text.HAL_TIM_ConfigClockSource
                0x080047d8      0x18e ./Drivers/STM32F4xx_HAL_Driver/Src/stm32f4xx_hal_tim.o
                0x080047d8                HAL_TIM_ConfigClockSource
 .text.HAL_TIM_OC_DelayElapsedCallback
                0x08004966       0x14 ./Drivers/STM32F4xx_HAL_Driver/Src/stm32f4xx_hal_tim.o
                0x08004966                HAL_TIM_OC_DelayElapsedCallback
 .text.HAL_TIM_IC_CaptureCallback
                0x0800497a       0x14 ./Drivers/STM32F4xx_HAL_Driver/Src/stm32f4xx_hal_tim.o
                0x0800497a                HAL_TIM_IC_CaptureCallback
 .text.HAL_TIM_PWM_PulseFinishedHalfCpltCallback
                0x0800498e       0x14 ./Drivers/STM32F4xx_HAL_Driver/Src/stm32f4xx_hal_tim.o
                0x0800498e                HAL_TIM_PWM_PulseFinishedHalfCpltCallback
 .text.HAL_TIM_TriggerCallback
                0x080049a2       0x14 ./Drivers/STM32F4xx_HAL_Driver/Src/stm32f4xx_hal_tim.o
                0x080049a2                HAL_TIM_TriggerCallback
 .text.HAL_TIM_ErrorCallback
                0x080049b6       0x14 ./Drivers/STM32F4xx_HAL_Driver/Src/stm32f4xx_hal_tim.o
                0x080049b6                HAL_TIM_ErrorCallback
 .text.TIM_DMAError
                0x080049ca       0x92 ./Drivers/STM32F4xx_HAL_Driver/Src/stm32f4xx_hal_tim.o
                0x080049ca                TIM_DMAError
 .text.TIM_DMADelayPulseCplt
                0x08004a5c       0xa8 ./Drivers/STM32F4xx_HAL_Driver/Src/stm32f4xx_hal_tim.o
 .text.TIM_DMADelayPulseHalfCplt
                0x08004b04       0x68 ./Drivers/STM32F4xx_HAL_Driver/Src/stm32f4xx_hal_tim.o
                0x08004b04                TIM_DMADelayPulseHalfCplt
 .text.TIM_Base_SetConfig
                0x08004b6c      0x14c ./Drivers/STM32F4xx_HAL_Driver/Src/stm32f4xx_hal_tim.o
                0x08004b6c                TIM_Base_SetConfig
 .text.TIM_OC1_SetConfig
                0x08004cb8       0xe0 ./Drivers/STM32F4xx_HAL_Driver/Src/stm32f4xx_hal_tim.o
 .text.TIM_OC2_SetConfig
                0x08004d98       0xec ./Drivers/STM32F4xx_HAL_Driver/Src/stm32f4xx_hal_tim.o
                0x08004d98                TIM_OC2_SetConfig
 .text.TIM_OC3_SetConfig
                0x08004e84       0xe8 ./Drivers/STM32F4xx_HAL_Driver/Src/stm32f4xx_hal_tim.o
 .text.TIM_OC4_SetConfig
                0x08004f6c       0xac ./Drivers/STM32F4xx_HAL_Driver/Src/stm32f4xx_hal_tim.o
 .text.TIM_TI1_ConfigInputStage
                0x08005018       0x5e ./Drivers/STM32F4xx_HAL_Driver/Src/stm32f4xx_hal_tim.o
 .text.TIM_TI2_ConfigInputStage
                0x08005076       0x60 ./Drivers/STM32F4xx_HAL_Driver/Src/stm32f4xx_hal_tim.o
 .text.TIM_ITRx_SetConfig
                0x080050d6       0x36 ./Drivers/STM32F4xx_HAL_Driver/Src/stm32f4xx_hal_tim.o
 .text.TIM_ETR_SetConfig
                0x0800510c       0x40 ./Drivers/STM32F4xx_HAL_Driver/Src/stm32f4xx_hal_tim.o
                0x0800510c                TIM_ETR_SetConfig
 .text.TIM_CCxChannelCmd
                0x0800514c       0x4a ./Drivers/STM32F4xx_HAL_Driver/Src/stm32f4xx_hal_tim.o
                0x0800514c                TIM_CCxChannelCmd
 *fill*         0x08005196        0x2 
 .text.HAL_TIMEx_MasterConfigSynchronization
                0x08005198       0xf8 ./Drivers/STM32F4xx_HAL_Driver/Src/stm32f4xx_hal_tim_ex.o
                0x08005198                HAL_TIMEx_MasterConfigSynchronization
 .text.HAL_TIMEx_CommutCallback
                0x08005290       0x14 ./Drivers/STM32F4xx_HAL_Driver/Src/stm32f4xx_hal_tim_ex.o
                0x08005290                HAL_TIMEx_CommutCallback
 .text.HAL_TIMEx_BreakCallback
                0x080052a4       0x14 ./Drivers/STM32F4xx_HAL_Driver/Src/stm32f4xx_hal_tim_ex.o
                0x080052a4                HAL_TIMEx_BreakCallback
 .text.memset   0x080052b8       0x10 C:/ST/STM32CubeIDE_1.18.1/STM32CubeIDE/plugins/com.st.stm32cube.ide.mcu.externaltools.gnu-tools-for-stm32.13.3.rel1.win32_1.0.0.202411081344/tools/bin/../lib/gcc/arm-none-eabi/13.3.1/../../../../arm-none-eabi/lib/thumb/v7e-m+fp/hard\libc_nano.a(libc_a-memset.o)
                0x080052b8                memset
 .text.__libc_init_array
                0x080052c8       0x48 C:/ST/STM32CubeIDE_1.18.1/STM32CubeIDE/plugins/com.st.stm32cube.ide.mcu.externaltools.gnu-tools-for-stm32.13.3.rel1.win32_1.0.0.202411081344/tools/bin/../lib/gcc/arm-none-eabi/13.3.1/../../../../arm-none-eabi/lib/thumb/v7e-m+fp/hard\libc_nano.a(libc_a-init.o)
                0x080052c8                __libc_init_array
 *(.glue_7)
 .glue_7        0x08005310        0x0 linker stubs
 *(.glue_7t)
 .glue_7t       0x08005310        0x0 linker stubs
 *(.eh_frame)
 .eh_frame      0x08005310        0x0 C:/ST/STM32CubeIDE_1.18.1/STM32CubeIDE/plugins/com.st.stm32cube.ide.mcu.externaltools.gnu-tools-for-stm32.13.3.rel1.win32_1.0.0.202411081344/tools/bin/../lib/gcc/arm-none-eabi/13.3.1/thumb/v7e-m+fp/hard/crtbegin.o
 *(.init)
 .init          0x08005310        0x4 C:/ST/STM32CubeIDE_1.18.1/STM32CubeIDE/plugins/com.st.stm32cube.ide.mcu.externaltools.gnu-tools-for-stm32.13.3.rel1.win32_1.0.0.202411081344/tools/bin/../lib/gcc/arm-none-eabi/13.3.1/thumb/v7e-m+fp/hard/crti.o
                0x08005310                _init
 .init          0x08005314        0x8 C:/ST/STM32CubeIDE_1.18.1/STM32CubeIDE/plugins/com.st.stm32cube.ide.mcu.externaltools.gnu-tools-for-stm32.13.3.rel1.win32_1.0.0.202411081344/tools/bin/../lib/gcc/arm-none-eabi/13.3.1/thumb/v7e-m+fp/hard/crtn.o
 *(.fini)
 .fini          0x0800531c        0x4 C:/ST/STM32CubeIDE_1.18.1/STM32CubeIDE/plugins/com.st.stm32cube.ide.mcu.externaltools.gnu-tools-for-stm32.13.3.rel1.win32_1.0.0.202411081344/tools/bin/../lib/gcc/arm-none-eabi/13.3.1/thumb/v7e-m+fp/hard/crti.o
                0x0800531c                _fini
 .fini          0x08005320        0x8 C:/ST/STM32CubeIDE_1.18.1/STM32CubeIDE/plugins/com.st.stm32cube.ide.mcu.externaltools.gnu-tools-for-stm32.13.3.rel1.win32_1.0.0.202411081344/tools/bin/../lib/gcc/arm-none-eabi/13.3.1/thumb/v7e-m+fp/hard/crtn.o
                0x08005328                        . = ALIGN (0x4)
                0x08005328                        _etext = .

.vfp11_veneer   0x08005328        0x0
 .vfp11_veneer  0x08005328        0x0 linker stubs

.v4_bx          0x08005328        0x0
 .v4_bx         0x08005328        0x0 linker stubs

.iplt           0x08005328        0x0
 .iplt          0x08005328        0x0 C:/ST/STM32CubeIDE_1.18.1/STM32CubeIDE/plugins/com.st.stm32cube.ide.mcu.externaltools.gnu-tools-for-stm32.13.3.rel1.win32_1.0.0.202411081344/tools/bin/../lib/gcc/arm-none-eabi/13.3.1/thumb/v7e-m+fp/hard/crtbegin.o

.rodata         0x08005328       0x48
                0x08005328                        . = ALIGN (0x4)
 *(.rodata)
 *(.rodata*)
 .rodata.mapa_leds.0
                0x08005328       0x20 ./Core/Src/Leds.o
 .rodata.mapa_teclas
                0x08005348       0x10 ./Core/Src/Teclado.o
 .rodata.AHBPrescTable
                0x08005358       0x10 ./Core/Src/system_stm32f4xx.o
                0x08005358                AHBPrescTable
 .rodata.flagBitshiftOffset.0
                0x08005368        0x8 ./Drivers/STM32F4xx_HAL_Driver/Src/stm32f4xx_hal_dma.o
                0x08005370                        . = ALIGN (0x4)

.ARM.extab      0x08005370        0x0
                0x08005370                        . = ALIGN (0x4)
 *(.ARM.extab* .gnu.linkonce.armextab.*)
                0x08005370                        . = ALIGN (0x4)

.ARM            0x08005370        0x8
                0x08005370                        . = ALIGN (0x4)
                0x08005370                        __exidx_start = .
 *(.ARM.exidx*)
 .ARM.exidx     0x08005370        0x8 C:/ST/STM32CubeIDE_1.18.1/STM32CubeIDE/plugins/com.st.stm32cube.ide.mcu.externaltools.gnu-tools-for-stm32.13.3.rel1.win32_1.0.0.202411081344/tools/bin/../lib/gcc/arm-none-eabi/13.3.1/thumb/v7e-m+fp/hard\libgcc.a(_udivmoddi4.o)
                0x08005378                        __exidx_end = .
                0x08005378                        . = ALIGN (0x4)

.preinit_array  0x08005378        0x0
                0x08005378                        . = ALIGN (0x4)
                0x08005378                        PROVIDE (__preinit_array_start = .)
 *(.preinit_array*)
                0x08005378                        PROVIDE (__preinit_array_end = .)
                0x08005378                        . = ALIGN (0x4)

.init_array     0x08005378        0x4
                0x08005378                        . = ALIGN (0x4)
                0x08005378                        PROVIDE (__init_array_start = .)
 *(SORT_BY_NAME(.init_array.*))
 *(.init_array*)
 .init_array    0x08005378        0x4 C:/ST/STM32CubeIDE_1.18.1/STM32CubeIDE/plugins/com.st.stm32cube.ide.mcu.externaltools.gnu-tools-for-stm32.13.3.rel1.win32_1.0.0.202411081344/tools/bin/../lib/gcc/arm-none-eabi/13.3.1/thumb/v7e-m+fp/hard/crtbegin.o
                0x0800537c                        PROVIDE (__init_array_end = .)
                0x0800537c                        . = ALIGN (0x4)

.fini_array     0x0800537c        0x4
                0x0800537c                        . = ALIGN (0x4)
                [!provide]                        PROVIDE (__fini_array_start = .)
 *(SORT_BY_NAME(.fini_array.*))
 *(.fini_array*)
 .fini_array    0x0800537c        0x4 C:/ST/STM32CubeIDE_1.18.1/STM32CubeIDE/plugins/com.st.stm32cube.ide.mcu.externaltools.gnu-tools-for-stm32.13.3.rel1.win32_1.0.0.202411081344/tools/bin/../lib/gcc/arm-none-eabi/13.3.1/thumb/v7e-m+fp/hard/crtbegin.o
                [!provide]                        PROVIDE (__fini_array_end = .)
                0x08005380                        . = ALIGN (0x4)
                0x08005380                        _sidata = LOADADDR (.data)

.rel.dyn        0x08005380        0x0
 .rel.iplt      0x08005380        0x0 C:/ST/STM32CubeIDE_1.18.1/STM32CubeIDE/plugins/com.st.stm32cube.ide.mcu.externaltools.gnu-tools-for-stm32.13.3.rel1.win32_1.0.0.202411081344/tools/bin/../lib/gcc/arm-none-eabi/13.3.1/thumb/v7e-m+fp/hard/crtbegin.o

.data           0x20000000       0x40 load address 0x08005380
                0x20000000                        . = ALIGN (0x4)
                0x20000000                        _sdata = .
 *(.data)
 *(.data*)
 .data.turno_actual
                0x20000000        0x1 ./Core/Src/Conecta3.o
 .data.render_necesario
                0x20000001        0x1 ./Core/Src/Conecta3.o
 .data.victoria_estado_leds
                0x20000002        0x1 ./Core/Src/Conecta3.o
 .data.dma_listo
                0x20000003        0x1 ./Core/Src/Leds.o
                0x20000003                dma_listo
 .data.puertos_filas
                0x20000004       0x10 ./Core/Src/Teclado.o
 .data.pines_filas
                0x20000014        0x8 ./Core/Src/Teclado.o
 .data.puertos_cols
                0x2000001c       0x10 ./Core/Src/Teclado.o
 .data.pines_cols
                0x2000002c        0x8 ./Core/Src/Teclado.o
 .data.SystemCoreClock
                0x20000034        0x4 ./Core/Src/system_stm32f4xx.o
                0x20000034                SystemCoreClock
 .data.uwTickPrio
                0x20000038        0x4 ./Drivers/STM32F4xx_HAL_Driver/Src/stm32f4xx_hal.o
                0x20000038                uwTickPrio
 .data.uwTickFreq
                0x2000003c        0x1 ./Drivers/STM32F4xx_HAL_Driver/Src/stm32f4xx_hal.o
                0x2000003c                uwTickFreq
 *(.RamFunc)
 *(.RamFunc*)
                0x20000040                        . = ALIGN (0x4)
 *fill*         0x2000003d        0x3 
                0x20000040                        _edata = .
                0x080053c0                        _siccmram = LOADADDR (.ccmram)

.igot.plt       0x20000040        0x0 load address 0x080053c0
 .igot.plt      0x20000040        0x0 C:/ST/STM32CubeIDE_1.18.1/STM32CubeIDE/plugins/com.st.stm32cube.ide.mcu.externaltools.gnu-tools-for-stm32.13.3.rel1.win32_1.0.0.202411081344/tools/bin/../lib/gcc/arm-none-eabi/13.3.1/thumb/v7e-m+fp/hard/crtbegin.o

.ccmram         0x10000000        0x0 load address 0x080053c0
                0x10000000                        . = ALIGN (0x4)
                0x10000000                        _sccmram = .
 *(.ccmram)
 *(.ccmram*)
                0x10000000                        . = ALIGN (0x4)
                0x10000000                        _eccmram = .
                0x10000000                        . = ALIGN (0x4)

.bss            0x20000040      0x8fc
                0x20000040                        _sbss = .
                0x20000040                        __bss_start__ = _sbss
 *(.bss)
 .bss           0x20000040       0x1c C:/ST/STM32CubeIDE_1.18.1/STM32CubeIDE/plugins/com.st.stm32cube.ide.mcu.externaltools.gnu-tools-for-stm32.13.3.rel1.win32_1.0.0.202411081344/tools/bin/../lib/gcc/arm-none-eabi/13.3.1/thumb/v7e-m+fp/hard/crtbegin.o
 *(.bss*)
 .bss.flag      0x2000005c        0x1 ./Core/Src/Buzzer.o
                0x2000005c                flag
 .bss.MV_RUN    0x2000005d        0x1 ./Core/Src/Buzzer.o
                0x2000005d                MV_RUN
 .bss.MD_RUN    0x2000005e        0x1 ./Core/Src/Buzzer.o
                0x2000005e                MD_RUN
 .bss.ST_RUN    0x2000005f        0x1 ./Core/Src/Buzzer.o
                0x2000005f                ST_RUN
 .bss.sound_cnt
                0x20000060        0x2 ./Core/Src/Buzzer.o
                0x20000060                sound_cnt
 .bss.estado_sistema
                0x20000062        0x1 ./Core/Src/Conecta3.o
 .bss.modo_seleccionado
                0x20000063        0x1 ./Core/Src/Conecta3.o
 .bss.tablero   0x20000064       0x20 ./Core/Src/Conecta3.o
 .bss.animacion_activa
                0x20000084        0x1 ./Core/Src/Conecta3.o
 .bss.anim_fila_actual
                0x20000085        0x1 ./Core/Src/Conecta3.o
 .bss.anim_fila_destino
                0x20000086        0x1 ./Core/Src/Conecta3.o
 .bss.anim_columna
                0x20000087        0x1 ./Core/Src/Conecta3.o
 .bss.anim_jugador
                0x20000088        0x1 ./Core/Src/Conecta3.o
 *fill*         0x20000089        0x3 
 .bss.anim_tiempo_anterior
                0x2000008c        0x4 ./Core/Src/Conecta3.o
 .bss.victoria_tiempo_anterior
                0x20000090        0x4 ./Core/Src/Conecta3.o
 .bss.jugador_ganador
                0x20000094        0x1 ./Core/Src/Conecta3.o
 *fill*         0x20000095        0x3 
 .bss.ia_tiempo_anterior
                0x20000098        0x4 ./Core/Src/Conecta3.o
 .bss.ia_esperando_movimiento
                0x2000009c        0x1 ./Core/Src/Conecta3.o
 *fill*         0x2000009d        0x3 
 .bss.LED_Data  0x200000a0       0x60 ./Core/Src/Leds.o
 .bss.pwmData   0x20000100      0x602 ./Core/Src/Leds.o
 .bss.estado_actual
                0x20000702        0x1 ./Core/Src/Teclado.o
 *fill*         0x20000703        0x1 
 .bss.tiempo_referencia
                0x20000704        0x4 ./Core/Src/Teclado.o
 .bss.ultima_tecla
                0x20000708        0x1 ./Core/Src/Teclado.o
 .bss.fila_activa
                0x20000709        0x1 ./Core/Src/Teclado.o
 .bss.col_activa_pin
                0x2000070a        0x2 ./Core/Src/Teclado.o
 .bss.col_activa_port
                0x2000070c        0x4 ./Core/Src/Teclado.o
 .bss.htim1     0x20000710       0x48 ./Core/Src/main.o
                0x20000710                htim1
 .bss.htim3     0x20000758       0x48 ./Core/Src/main.o
                0x20000758                htim3
 .bss.htim4     0x200007a0       0x48 ./Core/Src/main.o
                0x200007a0                htim4
 .bss.htim8     0x200007e8       0x48 ./Core/Src/main.o
                0x200007e8                htim8
 .bss.htim14    0x20000830       0x48 ./Core/Src/main.o
                0x20000830                htim14
 .bss.hdma_tim4_ch1
                0x20000878       0x60 ./Core/Src/main.o
                0x20000878                hdma_tim4_ch1
 .bss.hdma_tim8_ch4_trig_com
                0x200008d8       0x60 ./Core/Src/main.o
                0x200008d8                hdma_tim8_ch4_trig_com
 .bss.uwTick    0x20000938        0x4 ./Drivers/STM32F4xx_HAL_Driver/Src/stm32f4xx_hal.o
                0x20000938                uwTick
 *(COMMON)
                0x2000093c                        . = ALIGN (0x4)
                0x2000093c                        _ebss = .
                0x2000093c                        __bss_end__ = _ebss

._user_heap_stack
                0x2000093c      0x604
                0x20000940                        . = ALIGN (0x8)
 *fill*         0x2000093c        0x4 
                [!provide]                        PROVIDE (end = .)
                0x20000940                        PROVIDE (_end = .)
                0x20000b40                        . = (. + _Min_Heap_Size)
 *fill*         0x20000940      0x200 
                0x20000f40                        . = (. + _Min_Stack_Size)
 *fill*         0x20000b40      0x400 
                0x20000f40                        . = ALIGN (0x8)

/DISCARD/
 libc.a(*)
 libm.a(*)
 libgcc.a(*)

.ARM.attributes
                0x00000000       0x30
 *(.ARM.attributes)
 .ARM.attributes
                0x00000000       0x22 C:/ST/STM32CubeIDE_1.18.1/STM32CubeIDE/plugins/com.st.stm32cube.ide.mcu.externaltools.gnu-tools-for-stm32.13.3.rel1.win32_1.0.0.202411081344/tools/bin/../lib/gcc/arm-none-eabi/13.3.1/thumb/v7e-m+fp/hard/crti.o
 .ARM.attributes
                0x00000022       0x34 C:/ST/STM32CubeIDE_1.18.1/STM32CubeIDE/plugins/com.st.stm32cube.ide.mcu.externaltools.gnu-tools-for-stm32.13.3.rel1.win32_1.0.0.202411081344/tools/bin/../lib/gcc/arm-none-eabi/13.3.1/thumb/v7e-m+fp/hard/crtbegin.o
 .ARM.attributes
                0x00000056       0x34 ./Core/Src/Buzzer.o
 .ARM.attributes
                0x0000008a       0x34 ./Core/Src/Conecta3.o
 .ARM.attributes
                0x000000be       0x34 ./Core/Src/Leds.o
 .ARM.attributes
                0x000000f2       0x34 ./Core/Src/Teclado.o
 .ARM.attributes
                0x00000126       0x34 ./Core/Src/main.o
 .ARM.attributes
                0x0000015a       0x34 ./Core/Src/stm32f4xx_hal_msp.o
 .ARM.attributes
                0x0000018e       0x34 ./Core/Src/stm32f4xx_it.o
 .ARM.attributes
                0x000001c2       0x34 ./Core/Src/system_stm32f4xx.o
 .ARM.attributes
                0x000001f6       0x21 ./Core/Startup/startup_stm32f407vgtx.o
 .ARM.attributes
                0x00000217       0x34 ./Drivers/STM32F4xx_HAL_Driver/Src/stm32f4xx_hal.o
 .ARM.attributes
                0x0000024b       0x34 ./Drivers/STM32F4xx_HAL_Driver/Src/stm32f4xx_hal_cortex.o
 .ARM.attributes
                0x0000027f       0x34 ./Drivers/STM32F4xx_HAL_Driver/Src/stm32f4xx_hal_dma.o
 .ARM.attributes
                0x000002b3       0x34 ./Drivers/STM32F4xx_HAL_Driver/Src/stm32f4xx_hal_gpio.o
 .ARM.attributes
                0x000002e7       0x34 ./Drivers/STM32F4xx_HAL_Driver/Src/stm32f4xx_hal_rcc.o
 .ARM.attributes
                0x0000031b       0x34 ./Drivers/STM32F4xx_HAL_Driver/Src/stm32f4xx_hal_tim.o
 .ARM.attributes
                0x0000034f       0x34 ./Drivers/STM32F4xx_HAL_Driver/Src/stm32f4xx_hal_tim_ex.o
 .ARM.attributes
                0x00000383       0x34 C:/ST/STM32CubeIDE_1.18.1/STM32CubeIDE/plugins/com.st.stm32cube.ide.mcu.externaltools.gnu-tools-for-stm32.13.3.rel1.win32_1.0.0.202411081344/tools/bin/../lib/gcc/arm-none-eabi/13.3.1/../../../../arm-none-eabi/lib/thumb/v7e-m+fp/hard\libc_nano.a(libc_a-memset.o)
 .ARM.attributes
                0x000003b7       0x34 C:/ST/STM32CubeIDE_1.18.1/STM32CubeIDE/plugins/com.st.stm32cube.ide.mcu.externaltools.gnu-tools-for-stm32.13.3.rel1.win32_1.0.0.202411081344/tools/bin/../lib/gcc/arm-none-eabi/13.3.1/../../../../arm-none-eabi/lib/thumb/v7e-m+fp/hard\libc_nano.a(libc_a-init.o)
 .ARM.attributes
                0x000003eb       0x22 C:/ST/STM32CubeIDE_1.18.1/STM32CubeIDE/plugins/com.st.stm32cube.ide.mcu.externaltools.gnu-tools-for-stm32.13.3.rel1.win32_1.0.0.202411081344/tools/bin/../lib/gcc/arm-none-eabi/13.3.1/thumb/v7e-m+fp/hard\libgcc.a(_aeabi_uldivmod.o)
 .ARM.attributes
                0x0000040d       0x34 C:/ST/STM32CubeIDE_1.18.1/STM32CubeIDE/plugins/com.st.stm32cube.ide.mcu.externaltools.gnu-tools-for-stm32.13.3.rel1.win32_1.0.0.202411081344/tools/bin/../lib/gcc/arm-none-eabi/13.3.1/thumb/v7e-m+fp/hard\libgcc.a(_udivmoddi4.o)
 .ARM.attributes
                0x00000441       0x22 C:/ST/STM32CubeIDE_1.18.1/STM32CubeIDE/plugins/com.st.stm32cube.ide.mcu.externaltools.gnu-tools-for-stm32.13.3.rel1.win32_1.0.0.202411081344/tools/bin/../lib/gcc/arm-none-eabi/13.3.1/thumb/v7e-m+fp/hard\libgcc.a(_dvmd_tls.o)
 .ARM.attributes
                0x00000463       0x22 C:/ST/STM32CubeIDE_1.18.1/STM32CubeIDE/plugins/com.st.stm32cube.ide.mcu.externaltools.gnu-tools-for-stm32.13.3.rel1.win32_1.0.0.202411081344/tools/bin/../lib/gcc/arm-none-eabi/13.3.1/thumb/v7e-m+fp/hard/crtn.o
OUTPUT(ProyectoConecta3.elf elf32-littlearm)
LOAD linker stubs
LOAD C:/ST/STM32CubeIDE_1.18.1/STM32CubeIDE/plugins/com.st.stm32cube.ide.mcu.externaltools.gnu-tools-for-stm32.13.3.rel1.win32_1.0.0.202411081344/tools/bin/../lib/gcc/arm-none-eabi/13.3.1/../../../../arm-none-eabi/lib/thumb/v7e-m+fp/hard\libc.a
LOAD C:/ST/STM32CubeIDE_1.18.1/STM32CubeIDE/plugins/com.st.stm32cube.ide.mcu.externaltools.gnu-tools-for-stm32.13.3.rel1.win32_1.0.0.202411081344/tools/bin/../lib/gcc/arm-none-eabi/13.3.1/../../../../arm-none-eabi/lib/thumb/v7e-m+fp/hard\libm.a
LOAD C:/ST/STM32CubeIDE_1.18.1/STM32CubeIDE/plugins/com.st.stm32cube.ide.mcu.externaltools.gnu-tools-for-stm32.13.3.rel1.win32_1.0.0.202411081344/tools/bin/../lib/gcc/arm-none-eabi/13.3.1/thumb/v7e-m+fp/hard\libgcc.a

.debug_info     0x00000000     0xb6a7
 .debug_info    0x00000000      0x7f4 ./Core/Src/Buzzer.o
 .debug_info    0x000007f4      0x5ca ./Core/Src/Conecta3.o
 .debug_info    0x00000dbe      0x92f ./Core/Src/Leds.o
 .debug_info    0x000016ed      0x47c ./Core/Src/Teclado.o
 .debug_info    0x00001b69     0x1302 ./Core/Src/main.o
 .debug_info    0x00002e6b      0xdc8 ./Core/Src/stm32f4xx_hal_msp.o
 .debug_info    0x00003c33      0x77d ./Core/Src/stm32f4xx_it.o
 .debug_info    0x000043b0      0x512 ./Core/Src/system_stm32f4xx.o
 .debug_info    0x000048c2       0x30 ./Core/Startup/startup_stm32f407vgtx.o
 .debug_info    0x000048f2      0x944 ./Drivers/STM32F4xx_HAL_Driver/Src/stm32f4xx_hal.o
 .debug_info    0x00005236      0xd8c ./Drivers/STM32F4xx_HAL_Driver/Src/stm32f4xx_hal_cortex.o
 .debug_info    0x00005fc2      0x8e7 ./Drivers/STM32F4xx_HAL_Driver/Src/stm32f4xx_hal_dma.o
 .debug_info    0x000068a9      0x6c3 ./Drivers/STM32F4xx_HAL_Driver/Src/stm32f4xx_hal_gpio.o
 .debug_info    0x00006f6c      0x8c3 ./Drivers/STM32F4xx_HAL_Driver/Src/stm32f4xx_hal_rcc.o
 .debug_info    0x0000782f     0x299d ./Drivers/STM32F4xx_HAL_Driver/Src/stm32f4xx_hal_tim.o
 .debug_info    0x0000a1cc     0x14db ./Drivers/STM32F4xx_HAL_Driver/Src/stm32f4xx_hal_tim_ex.o

.debug_abbrev   0x00000000     0x2096
 .debug_abbrev  0x00000000      0x1c5 ./Core/Src/Buzzer.o
 .debug_abbrev  0x000001c5      0x1a5 ./Core/Src/Conecta3.o
 .debug_abbrev  0x0000036a      0x237 ./Core/Src/Leds.o
 .debug_abbrev  0x000005a1      0x1ae ./Core/Src/Teclado.o
 .debug_abbrev  0x0000074f      0x2e9 ./Core/Src/main.o
 .debug_abbrev  0x00000a38      0x243 ./Core/Src/stm32f4xx_hal_msp.o
 .debug_abbrev  0x00000c7b      0x1c2 ./Core/Src/stm32f4xx_it.o
 .debug_abbrev  0x00000e3d      0x11a ./Core/Src/system_stm32f4xx.o
 .debug_abbrev  0x00000f57       0x24 ./Core/Startup/startup_stm32f407vgtx.o
 .debug_abbrev  0x00000f7b      0x214 ./Drivers/STM32F4xx_HAL_Driver/Src/stm32f4xx_hal.o
 .debug_abbrev  0x0000118f      0x31d ./Drivers/STM32F4xx_HAL_Driver/Src/stm32f4xx_hal_cortex.o
 .debug_abbrev  0x000014ac      0x264 ./Drivers/STM32F4xx_HAL_Driver/Src/stm32f4xx_hal_dma.o
 .debug_abbrev  0x00001710      0x1d4 ./Drivers/STM32F4xx_HAL_Driver/Src/stm32f4xx_hal_gpio.o
 .debug_abbrev  0x000018e4      0x2b7 ./Drivers/STM32F4xx_HAL_Driver/Src/stm32f4xx_hal_rcc.o
 .debug_abbrev  0x00001b9b      0x278 ./Drivers/STM32F4xx_HAL_Driver/Src/stm32f4xx_hal_tim.o
 .debug_abbrev  0x00001e13      0x283 ./Drivers/STM32F4xx_HAL_Driver/Src/stm32f4xx_hal_tim_ex.o

.debug_aranges  0x00000000      0xb58
 .debug_aranges
                0x00000000       0x38 ./Core/Src/Buzzer.o
 .debug_aranges
                0x00000038       0x50 ./Core/Src/Conecta3.o
 .debug_aranges
                0x00000088       0x50 ./Core/Src/Leds.o
 .debug_aranges
                0x000000d8       0x38 ./Core/Src/Teclado.o
 .debug_aranges
                0x00000110       0x70 ./Core/Src/main.o
 .debug_aranges
                0x00000180       0x38 ./Core/Src/stm32f4xx_hal_msp.o
 .debug_aranges
                0x000001b8       0x88 ./Core/Src/stm32f4xx_it.o
 .debug_aranges
                0x00000240       0x28 ./Core/Src/system_stm32f4xx.o
 .debug_aranges
                0x00000268       0x28 ./Core/Startup/startup_stm32f407vgtx.o
 .debug_aranges
                0x00000290       0xf0 ./Drivers/STM32F4xx_HAL_Driver/Src/stm32f4xx_hal.o
 .debug_aranges
                0x00000380      0x130 ./Drivers/STM32F4xx_HAL_Driver/Src/stm32f4xx_hal_cortex.o
 .debug_aranges
                0x000004b0       0x90 ./Drivers/STM32F4xx_HAL_Driver/Src/stm32f4xx_hal_dma.o
 .debug_aranges
                0x00000540       0x58 ./Drivers/STM32F4xx_HAL_Driver/Src/stm32f4xx_hal_gpio.o
 .debug_aranges
                0x00000598       0x88 ./Drivers/STM32F4xx_HAL_Driver/Src/stm32f4xx_hal_rcc.o
 .debug_aranges
                0x00000620      0x3d0 ./Drivers/STM32F4xx_HAL_Driver/Src/stm32f4xx_hal_tim.o
 .debug_aranges
                0x000009f0      0x168 ./Drivers/STM32F4xx_HAL_Driver/Src/stm32f4xx_hal_tim_ex.o

.debug_rnglists
                0x00000000      0x8b8
 .debug_rnglists
                0x00000000       0x28 ./Core/Src/Buzzer.o
 .debug_rnglists
                0x00000028       0x3d ./Core/Src/Conecta3.o
 .debug_rnglists
                0x00000065       0x39 ./Core/Src/Leds.o
 .debug_rnglists
                0x0000009e       0x26 ./Core/Src/Teclado.o
 .debug_rnglists
                0x000000c4       0x55 ./Core/Src/main.o
 .debug_rnglists
                0x00000119       0x28 ./Core/Src/stm32f4xx_hal_msp.o
 .debug_rnglists
                0x00000141       0x61 ./Core/Src/stm32f4xx_it.o
 .debug_rnglists
                0x000001a2       0x1a ./Core/Src/system_stm32f4xx.o
 .debug_rnglists
                0x000001bc       0x19 ./Core/Startup/startup_stm32f407vgtx.o
 .debug_rnglists
                0x000001d5       0xaf ./Drivers/STM32F4xx_HAL_Driver/Src/stm32f4xx_hal.o
 .debug_rnglists
                0x00000284       0xe0 ./Drivers/STM32F4xx_HAL_Driver/Src/stm32f4xx_hal_cortex.o
 .debug_rnglists
                0x00000364       0x70 ./Drivers/STM32F4xx_HAL_Driver/Src/stm32f4xx_hal_dma.o
 .debug_rnglists
                0x000003d4       0x3f ./Drivers/STM32F4xx_HAL_Driver/Src/stm32f4xx_hal_gpio.o
 .debug_rnglists
                0x00000413       0x66 ./Drivers/STM32F4xx_HAL_Driver/Src/stm32f4xx_hal_rcc.o
 .debug_rnglists
                0x00000479      0x31a ./Drivers/STM32F4xx_HAL_Driver/Src/stm32f4xx_hal_tim.o
 .debug_rnglists
                0x00000793      0x125 ./Drivers/STM32F4xx_HAL_Driver/Src/stm32f4xx_hal_tim_ex.o

.debug_macro    0x00000000    0x20752
 .debug_macro   0x00000000      0x1ce ./Core/Src/Buzzer.o
 .debug_macro   0x000001ce      0xad8 ./Core/Src/Buzzer.o
 .debug_macro   0x00000ca6      0x295 ./Core/Src/Buzzer.o
 .debug_macro   0x00000f3b       0x2e ./Core/Src/Buzzer.o
 .debug_macro   0x00000f69       0x2f ./Core/Src/Buzzer.o
 .debug_macro   0x00000f98       0x22 ./Core/Src/Buzzer.o
 .debug_macro   0x00000fba       0x8e ./Core/Src/Buzzer.o
 .debug_macro   0x00001048       0x51 ./Core/Src/Buzzer.o
 .debug_macro   0x00001099      0x103 ./Core/Src/Buzzer.o
 .debug_macro   0x0000119c       0x6a ./Core/Src/Buzzer.o
 .debug_macro   0x00001206      0x1df ./Core/Src/Buzzer.o
 .debug_macro   0x000013e5       0x1c ./Core/Src/Buzzer.o
 .debug_macro   0x00001401       0x22 ./Core/Src/Buzzer.o
 .debug_macro   0x00001423       0xfb ./Core/Src/Buzzer.o
 .debug_macro   0x0000151e     0x1011 ./Core/Src/Buzzer.o
 .debug_macro   0x0000252f      0x11f ./Core/Src/Buzzer.o
 .debug_macro   0x0000264e    0x15ea5 ./Core/Src/Buzzer.o
 .debug_macro   0x000184f3       0x6d ./Core/Src/Buzzer.o
 .debug_macro   0x00018560     0x3693 ./Core/Src/Buzzer.o
 .debug_macro   0x0001bbf3      0x190 ./Core/Src/Buzzer.o
 .debug_macro   0x0001bd83       0x5c ./Core/Src/Buzzer.o
 .debug_macro   0x0001bddf      0x980 ./Core/Src/Buzzer.o
 .debug_macro   0x0001c75f      0x9e9 ./Core/Src/Buzzer.o
 .debug_macro   0x0001d148      0x115 ./Core/Src/Buzzer.o
 .debug_macro   0x0001d25d      0x13e ./Core/Src/Buzzer.o
 .debug_macro   0x0001d39b       0xa5 ./Core/Src/Buzzer.o
 .debug_macro   0x0001d440      0x174 ./Core/Src/Buzzer.o
 .debug_macro   0x0001d5b4      0x287 ./Core/Src/Buzzer.o
 .debug_macro   0x0001d83b       0x5f ./Core/Src/Buzzer.o
 .debug_macro   0x0001d89a      0x236 ./Core/Src/Buzzer.o
 .debug_macro   0x0001dad0      0x12c ./Core/Src/Buzzer.o
 .debug_macro   0x0001dbfc      0x21e ./Core/Src/Buzzer.o
 .debug_macro   0x0001de1a       0x2e ./Core/Src/Buzzer.o
 .debug_macro   0x0001de48      0x127 ./Core/Src/Buzzer.o
 .debug_macro   0x0001df6f       0x7e ./Core/Src/Buzzer.o
 .debug_macro   0x0001dfed       0x89 ./Core/Src/Buzzer.o
 .debug_macro   0x0001e076      0x8ed ./Core/Src/Buzzer.o
 .debug_macro   0x0001e963       0x4d ./Core/Src/Buzzer.o
 .debug_macro   0x0001e9b0      0x12d ./Core/Src/Buzzer.o
 .debug_macro   0x0001eadd      0x201 ./Core/Src/Conecta3.o
 .debug_macro   0x0001ecde       0x16 ./Core/Src/Conecta3.o
 .debug_macro   0x0001ecf4      0x1eb ./Core/Src/Conecta3.o
 .debug_macro   0x0001eedf       0x16 ./Core/Src/Conecta3.o
 .debug_macro   0x0001eef5      0x1f4 ./Core/Src/Leds.o
 .debug_macro   0x0001f0e9      0x1dd ./Core/Src/Teclado.o
 .debug_macro   0x0001f2c6      0x1f3 ./Core/Src/main.o
 .debug_macro   0x0001f4b9       0x1c ./Core/Src/main.o
 .debug_macro   0x0001f4d5       0x1c ./Core/Src/main.o
 .debug_macro   0x0001f4f1      0x1d3 ./Core/Src/stm32f4xx_hal_msp.o
 .debug_macro   0x0001f6c4      0x1dd ./Core/Src/stm32f4xx_it.o
 .debug_macro   0x0001f8a1      0x1c4 ./Core/Src/system_stm32f4xx.o
 .debug_macro   0x0001fa65      0x224 ./Drivers/STM32F4xx_HAL_Driver/Src/stm32f4xx_hal.o
 .debug_macro   0x0001fc89      0x1c4 ./Drivers/STM32F4xx_HAL_Driver/Src/stm32f4xx_hal_cortex.o
 .debug_macro   0x0001fe4d      0x1ca ./Drivers/STM32F4xx_HAL_Driver/Src/stm32f4xx_hal_dma.o
 .debug_macro   0x00020017      0x1ca ./Drivers/STM32F4xx_HAL_Driver/Src/stm32f4xx_hal_gpio.o
 .debug_macro   0x000201e1      0x1e8 ./Drivers/STM32F4xx_HAL_Driver/Src/stm32f4xx_hal_rcc.o
 .debug_macro   0x000203c9      0x1c5 ./Drivers/STM32F4xx_HAL_Driver/Src/stm32f4xx_hal_tim.o
 .debug_macro   0x0002058e      0x1c4 ./Drivers/STM32F4xx_HAL_Driver/Src/stm32f4xx_hal_tim_ex.o

.debug_line     0x00000000     0xdd20
 .debug_line    0x00000000      0x96d ./Core/Src/Buzzer.o
 .debug_line    0x0000096d      0xcba ./Core/Src/Conecta3.o
 .debug_line    0x00001627      0x88d ./Core/Src/Leds.o
 .debug_line    0x00001eb4      0x8cc ./Core/Src/Teclado.o
 .debug_line    0x00002780      0xb1e ./Core/Src/main.o
 .debug_line    0x0000329e      0x8b3 ./Core/Src/stm32f4xx_hal_msp.o
 .debug_line    0x00003b51      0x859 ./Core/Src/stm32f4xx_it.o
 .debug_line    0x000043aa      0x7a4 ./Core/Src/system_stm32f4xx.o
 .debug_line    0x00004b4e       0x7a ./Core/Startup/startup_stm32f407vgtx.o
 .debug_line    0x00004bc8      0xa20 ./Drivers/STM32F4xx_HAL_Driver/Src/stm32f4xx_hal.o
 .debug_line    0x000055e8      0xcf0 ./Drivers/STM32F4xx_HAL_Driver/Src/stm32f4xx_hal_cortex.o
 .debug_line    0x000062d8      0xf8c ./Drivers/STM32F4xx_HAL_Driver/Src/stm32f4xx_hal_dma.o
 .debug_line    0x00007264      0xb78 ./Drivers/STM32F4xx_HAL_Driver/Src/stm32f4xx_hal_gpio.o
 .debug_line    0x00007ddc      0xe2f ./Drivers/STM32F4xx_HAL_Driver/Src/stm32f4xx_hal_rcc.o
 .debug_line    0x00008c0b     0x3795 ./Drivers/STM32F4xx_HAL_Driver/Src/stm32f4xx_hal_tim.o
 .debug_line    0x0000c3a0     0x1980 ./Drivers/STM32F4xx_HAL_Driver/Src/stm32f4xx_hal_tim_ex.o

.debug_str      0x00000000    0xc5fbd
 .debug_str     0x00000000    0xc5fbd ./Core/Src/Buzzer.o
                              0xc2703 (size before relaxing)
 .debug_str     0x000c5fbd    0xc2bb7 ./Core/Src/Conecta3.o
 .debug_str     0x000c5fbd    0xc2f92 ./Core/Src/Leds.o
 .debug_str     0x000c5fbd    0xc2af6 ./Core/Src/Teclado.o
 .debug_str     0x000c5fbd    0xc39ab ./Core/Src/main.o
 .debug_str     0x000c5fbd    0xc358e ./Core/Src/stm32f4xx_hal_msp.o
 .debug_str     0x000c5fbd    0xc2f62 ./Core/Src/stm32f4xx_it.o
 .debug_str     0x000c5fbd    0xc2264 ./Core/Src/system_stm32f4xx.o
 .debug_str     0x000c5fbd       0xb0 ./Core/Startup/startup_stm32f407vgtx.o
 .debug_str     0x000c5fbd    0xc2de8 ./Drivers/STM32F4xx_HAL_Driver/Src/stm32f4xx_hal.o
 .debug_str     0x000c5fbd    0xc2b64 ./Drivers/STM32F4xx_HAL_Driver/Src/stm32f4xx_hal_cortex.o
 .debug_str     0x000c5fbd    0xc267e ./Drivers/STM32F4xx_HAL_Driver/Src/stm32f4xx_hal_dma.o
 .debug_str     0x000c5fbd    0xc23df ./Drivers/STM32F4xx_HAL_Driver/Src/stm32f4xx_hal_gpio.o
 .debug_str     0x000c5fbd    0xc2698 ./Drivers/STM32F4xx_HAL_Driver/Src/stm32f4xx_hal_rcc.o
 .debug_str     0x000c5fbd    0xc35ee ./Drivers/STM32F4xx_HAL_Driver/Src/stm32f4xx_hal_tim.o
 .debug_str     0x000c5fbd    0xc2dfa ./Drivers/STM32F4xx_HAL_Driver/Src/stm32f4xx_hal_tim_ex.o

.comment        0x00000000       0x43
 .comment       0x00000000       0x43 ./Core/Src/Buzzer.o
                                 0x44 (size before relaxing)
 .comment       0x00000043       0x44 ./Core/Src/Conecta3.o
 .comment       0x00000043       0x44 ./Core/Src/Leds.o
 .comment       0x00000043       0x44 ./Core/Src/Teclado.o
 .comment       0x00000043       0x44 ./Core/Src/main.o
 .comment       0x00000043       0x44 ./Core/Src/stm32f4xx_hal_msp.o
 .comment       0x00000043       0x44 ./Core/Src/stm32f4xx_it.o
 .comment       0x00000043       0x44 ./Core/Src/system_stm32f4xx.o
 .comment       0x00000043       0x44 ./Drivers/STM32F4xx_HAL_Driver/Src/stm32f4xx_hal.o
 .comment       0x00000043       0x44 ./Drivers/STM32F4xx_HAL_Driver/Src/stm32f4xx_hal_cortex.o
 .comment       0x00000043       0x44 ./Drivers/STM32F4xx_HAL_Driver/Src/stm32f4xx_hal_dma.o
 .comment       0x00000043       0x44 ./Drivers/STM32F4xx_HAL_Driver/Src/stm32f4xx_hal_gpio.o
 .comment       0x00000043       0x44 ./Drivers/STM32F4xx_HAL_Driver/Src/stm32f4xx_hal_rcc.o
 .comment       0x00000043       0x44 ./Drivers/STM32F4xx_HAL_Driver/Src/stm32f4xx_hal_tim.o
 .comment       0x00000043       0x44 ./Drivers/STM32F4xx_HAL_Driver/Src/stm32f4xx_hal_tim_ex.o

.debug_frame    0x00000000     0x2e38
 .debug_frame   0x00000000       0xa4 ./Core/Src/Buzzer.o
 .debug_frame   0x000000a4      0x11c ./Core/Src/Conecta3.o
 .debug_frame   0x000001c0      0x110 ./Core/Src/Leds.o
 .debug_frame   0x000002d0       0xa4 ./Core/Src/Teclado.o
 .debug_frame   0x00000374      0x188 ./Core/Src/main.o
 .debug_frame   0x000004fc       0xa4 ./Core/Src/stm32f4xx_hal_msp.o
 .debug_frame   0x000005a0      0x190 ./Core/Src/stm32f4xx_it.o
 .debug_frame   0x00000730       0x58 ./Core/Src/system_stm32f4xx.o
 .debug_frame   0x00000788      0x374 ./Drivers/STM32F4xx_HAL_Driver/Src/stm32f4xx_hal.o
 .debug_frame   0x00000afc      0x508 ./Drivers/STM32F4xx_HAL_Driver/Src/stm32f4xx_hal_cortex.o
 .debug_frame   0x00001004      0x250 ./Drivers/STM32F4xx_HAL_Driver/Src/stm32f4xx_hal_dma.o
 .debug_frame   0x00001254      0x14c ./Drivers/STM32F4xx_HAL_Driver/Src/stm32f4xx_hal_gpio.o
 .debug_frame   0x000013a0      0x1f4 ./Drivers/STM32F4xx_HAL_Driver/Src/stm32f4xx_hal_rcc.o
 .debug_frame   0x00001594     0x11c0 ./Drivers/STM32F4xx_HAL_Driver/Src/stm32f4xx_hal_tim.o
 .debug_frame   0x00002754      0x638 ./Drivers/STM32F4xx_HAL_Driver/Src/stm32f4xx_hal_tim_ex.o
 .debug_frame   0x00002d8c       0x20 C:/ST/STM32CubeIDE_1.18.1/STM32CubeIDE/plugins/com.st.stm32cube.ide.mcu.externaltools.gnu-tools-for-stm32.13.3.rel1.win32_1.0.0.202411081344/tools/bin/../lib/gcc/arm-none-eabi/13.3.1/../../../../arm-none-eabi/lib/thumb/v7e-m+fp/hard\libc_nano.a(libc_a-memset.o)
 .debug_frame   0x00002dac       0x2c C:/ST/STM32CubeIDE_1.18.1/STM32CubeIDE/plugins/com.st.stm32cube.ide.mcu.externaltools.gnu-tools-for-stm32.13.3.rel1.win32_1.0.0.202411081344/tools/bin/../lib/gcc/arm-none-eabi/13.3.1/../../../../arm-none-eabi/lib/thumb/v7e-m+fp/hard\libc_nano.a(libc_a-init.o)
 .debug_frame   0x00002dd8       0x2c C:/ST/STM32CubeIDE_1.18.1/STM32CubeIDE/plugins/com.st.stm32cube.ide.mcu.externaltools.gnu-tools-for-stm32.13.3.rel1.win32_1.0.0.202411081344/tools/bin/../lib/gcc/arm-none-eabi/13.3.1/thumb/v7e-m+fp/hard\libgcc.a(_aeabi_uldivmod.o)
 .debug_frame   0x00002e04       0x34 C:/ST/STM32CubeIDE_1.18.1/STM32CubeIDE/plugins/com.st.stm32cube.ide.mcu.externaltools.gnu-tools-for-stm32.13.3.rel1.win32_1.0.0.202411081344/tools/bin/../lib/gcc/arm-none-eabi/13.3.1/thumb/v7e-m+fp/hard\libgcc.a(_udivmoddi4.o)

.debug_line_str
                0x00000000       0x94
 .debug_line_str
                0x00000000       0x94 ./Core/Startup/startup_stm32f407vgtx.o
